[snap.berkeley.edu/hoc/index.html]
[backblue.gif]
[fade.gif]
[index.html]
[snap.berkeley.edu/fav3.gif]
[snap.berkeley.edu/hoc/images/bjc200.png]
[snap.berkeley.edu/hoc/images/snaplogo.png]
[snap.berkeley.edu/hoc/snap.html]
[snap.berkeley.edu/hoc/images/alonzo3dnoshadow.png]
[snap.berkeley.edu/hoc/index.html]
[snap.berkeley.edu/hoc/style.css]
[snap.berkeley.edu/hoc/jquery-1.10.2.min.js]
[snap.berkeley.edu/hoc/bootstrap/fonts/glyphicons-halflings-regular.eot]
[snap.berkeley.edu/hoc/bootstrap/fonts/glyphicons-halflings-regular.woff]
[snap.berkeley.edu/hoc/bootstrap/fonts/glyphicons-halflings-regulard41d.eot]
[snap.berkeley.edu/hoc/bootstrap/fonts/glyphicons-halflings-regular.ttf]
[snap.berkeley.edu/hoc/bootstrap/css/bootstrap.min.css]
[snap.berkeley.edu/hoc/Popover requires tooltip.f.delayed]
[snap.berkeley.edu/hoc/bootstrap/js/bootstrap.min.js]
[snap.berkeley.edu/hoc/sha512.js]
[snap.berkeley.edu/hoc/get]
[snap.berkeley.edu/hoc/store/store.html]
[snap.berkeley.edu/hoc/congrats.html]
[snap.berkeley.edu/hoc/full-interface/snap.html]
[snap.berkeley.edu/hoc/runme.js]
[snap.berkeley.edu/hoc/snap.html]
[snap.berkeley.edu/hoc/bootstrap/fonts/glyphicons-halflings-regular.svg]
[snap.berkeley.edu/hoc/Popover requires tooltip.html]
[snap.berkeley.edu/hoc/get.html]
[snap.berkeley.edu/hoc/store/store.html]
[snap.berkeley.edu/hoc/congrats.html]
[snap.berkeley.edu/hoc/full-interface/get]
[snap.berkeley.edu/hoc/full-interface/snap.html]
[snap.berkeley.edu/hoc/morphic.js]
[snap.berkeley.edu/hoc/widgets.js]
[snap.berkeley.edu/hoc/click.wav]
[snap.berkeley.edu/hoc/blocks.js]
[snap.berkeley.edu/hoc/GET]
[snap.berkeley.edu/hoc/threads.js]
[snap.berkeley.edu/hoc/objects.js]
[snap.berkeley.edu/hoc/scriptsPaneTexture.gif]
[snap.berkeley.edu/hoc/snap_logo_sm.png]
[snap.berkeley.edu/hoc/help/SnapManual.pdf]
[snap.berkeley.edu/hoc/gui.js]
[snap.berkeley.edu/hoc/paint.js]
[snap.berkeley.edu/hoc/lists.js]
[snap.berkeley.edu/hoc/byob.js]
[snap.berkeley.edu/hoc/xml.js]
[snap.berkeley.edu/hoc/store.js]
[snap.berkeley.edu/hoc/locale.js]
[snap.berkeley.edu/hoc/cloud.js]
[snap.berkeley.edu/hoc/full-interface/morphic.js]
[snap.berkeley.edu/hoc/full-interface/widgets.js]
[snap.berkeley.edu/hoc/full-interface/click.wav]
[snap.berkeley.edu/hoc/full-interface/blocks.js]
[snap.berkeley.edu/hoc/full-interface/GET.37.delayed]
[snap.berkeley.edu/hoc/full-interface/threads.js]
[snap.berkeley.edu/hoc/full-interface/objects.js]
[snap.berkeley.edu/hoc/full-interface/scriptsPaneTexture.gif]
[snap.berkeley.edu/hoc/full-interface/snap_logo_sm.png]
[snap.berkeley.edu/hoc/full-interface/help/SnapManual.pdf]
[snap.berkeley.edu/hoc/full-interface/gui.js]
[snap.berkeley.edu/hoc/full-interface/paint.js]
[snap.berkeley.edu/hoc/full-interface/lists.js]
[snap.berkeley.edu/hoc/full-interface/byob.js]
[snap.berkeley.edu/hoc/full-interface/xml.js]
[snap.berkeley.edu/hoc/full-interface/store.js]
[snap.berkeley.edu/hoc/full-interface/locale.js]
[snap.berkeley.edu/hoc/full-interface/cloud.js]
[snap.berkeley.edu/hoc/full-interface/sha512.js]
[snap.berkeley.edu/hoc/full-interface/get.html]
[snap.berkeley.edu/hoc/GET-2.html]
[snap.berkeley.edu/hoc/ypr.js]
[snap.berkeley.edu/hoc/full-interface/ypr.js]
